[spadarisrl.com/index.html]
[backblue.gif]
[fade.gif]
[index.html]
[spadarisrl.com/js/fontawesome-markers.min.js]
[spadarisrl.com/css/style.css]
[spadarisrl.com/css/color-blue.css]
[spadarisrl.com/css/responsive.css]
[spadarisrl.com/css/font-awesome.css]
[spadarisrl.com/rs-plugin/css/settings.css]
[spadarisrl.com/rs-plugin/css/layers.css]
[spadarisrl.com/rs-plugin/css/navigation.css]
[spadarisrl.com/css/owl.carousel.css]
[spadarisrl.com/css/prettyPhoto.css]
[spadarisrl.com/home.html]
[spadarisrl.com/images/logo2.png]
[spadarisrl.com/contacto.html]
[spadarisrl.com/serv1.html]
[spadarisrl.com/serv2.html]
[spadarisrl.com/serv3.html]
[spadarisrl.com/embarcaciones.html]
[spadarisrl.com/images/slide1.jpg]
[spadarisrl.com/images/slide2.jpg]
[spadarisrl.com/js/jquery.min.js]
[spadarisrl.com/js/jquery-ui.min.js]
[spadarisrl.com/rs-plugin/js/jquery.themepunch.tools.min838f.js]
[spadarisrl.com/rs-plugin/js/jquery.themepunch.revolution.min838f.js]
[spadarisrl.com/js/owl.carousel.min.js]
[spadarisrl.com/js/jquery.prettyPhoto.js]
[spadarisrl.com/rs-plugin/js/extensions/revolution.extension.video.min.js]
[spadarisrl.com/rs-plugin/js/extensions/revolution.extension.slideanims.min.js]
[spadarisrl.com/rs-plugin/js/extensions/revolution.extension.layeranimation.min.js]
[spadarisrl.com/rs-plugin/js/extensions/revolution.extension.navigation.min.js]
[spadarisrl.com/js/scripts.js]
[spadarisrl.com/index.html]
[spadarisrl.com/images/image1.jpg]
[spadarisrl.com/images/image14.jpg]
[spadarisrl.com/images/image6.jpg]
[spadarisrl.com/images/image17.png]
[spadarisrl.com/images/image7.jpg]
[spadarisrl.com/css/style.css]
[spadarisrl.com/css/color-blue.css]
[spadarisrl.com/css/responsive.css]
[spadarisrl.com/fonts/fontawesome-webfont5b62.eot]
[spadarisrl.com/fonts/fontawesome-webfontd41d.eot]
[spadarisrl.com/fonts/fontawesome-webfont5b62.woff]
[spadarisrl.com/fonts/fontawesome-webfont5b62.ttf]
[spadarisrl.com/css/font-awesome.css]
[spadarisrl.com/rs-plugin/assets/loader.gif]
[spadarisrl.com/rs-plugin/css/settings.css]
[spadarisrl.com/rs-plugin/css/layers.css]
[spadarisrl.com/rs-plugin/css/navigation.css]
[spadarisrl.com/css/owl.carousel.css]
[spadarisrl.com/css/prettyPhoto.css]
[spadarisrl.com/favicon.html]
[spadarisrl.com/home.html]
[spadarisrl.com/contacto.html]
[spadarisrl.com/images/serv3.jpg]
[spadarisrl.com/serv1.html]
[spadarisrl.com/images/serv2.jpg]
[spadarisrl.com/serv2.html]
[spadarisrl.com/images/serv1.jpg]
[spadarisrl.com/serv3.html]
[spadarisrl.com/images/image8.jpg]
[spadarisrl.com/images/image9.jpg]
[spadarisrl.com/images/image10.jpg]
[spadarisrl.com/images/image11.jpg]
[spadarisrl.com/images/image12.jpg]
[spadarisrl.com/embarcaciones.html]
[spadarisrl.com/about-us.html]
[spadarisrl.com/images/image13.html]
[spadarisrl.com/fonts/fontawesome-webfont5b62.html]
[spadarisrl.com/fonts/fontawesome-webfont5b62.svg]
[spadarisrl.com/rs-plugin/fonts/revicons/revicons90c6.html]
[spadarisrl.com/rs-plugin/fonts/revicons/revicons90c6-2.html]
[spadarisrl.com/rs-plugin/fonts/revicons/revicons90c6-3.html]
[spadarisrl.com/rs-plugin/fonts/revicons/revicons90c6-4.html]
[spadarisrl.com/rs-plugin/css/openhand.html]
[spadarisrl.com/rs-plugin/css/closedhand.html]
[spadarisrl.com/rs-plugin/assets/gridtile.html]
[spadarisrl.com/rs-plugin/assets/gridtile_white.html]
[spadarisrl.com/rs-plugin/assets/gridtile_3x3.html]
[spadarisrl.com/rs-plugin/assets/gridtile_3x3_white.html]
[spadarisrl.com/rs-plugin/assets/coloredbg.html]
[spadarisrl.com/css/owl.video.play.html]
[spadarisrl.com/images/prettyPhoto/facebook/default_thumbnail.html]
[spadarisrl.com/images/prettyPhoto/light_rounded/btnNext.html]
[spadarisrl.com/images/prettyPhoto/light_rounded/loader.html]
[spadarisrl.com/images/prettyPhoto/dark_rounded/contentPattern.html]
[spadarisrl.com/locations-single.html]
[spadarisrl.com/yacht-charter-single.html]
